[www.saypeaceinfiftycountries.com/index.html]
[backblue.gif]
[fade.gif]
[index.html]
[www.saypeaceinfiftycountries.com/wp-includes/css/dist/block-library/style.min35eb.css]
[www.saypeaceinfiftycountries.com/wp-content/plugins/woocommerce/packages/woocommerce-blocks/build/stylea1ec.css]
[www.saypeaceinfiftycountries.com/wp-content/plugins/woocommerce/assets/css/woocommerce-layout3088.css]
[www.saypeaceinfiftycountries.com/feed/index.html]
[www.saypeaceinfiftycountries.com/wp-content/plugins/woocommerce/assets/css/woocommerce-smallscreen3088.css]
[www.saypeaceinfiftycountries.com/wp-content/plugins/woocommerce/assets/css/woocommerce3088.css]
[www.saypeaceinfiftycountries.com/comments/feed/index.html]
[www.saypeaceinfiftycountries.com/home-2/feed/index.html]
[www.saypeaceinfiftycountries.com/wp-content/themes/brown-theme/font/flaticon95b8.css]
[www.saypeaceinfiftycountries.com/wp-content/themes/brown-theme/css/foundation35eb.css]
[www.saypeaceinfiftycountries.com/wp-content/themes/brown-theme/css/screen95b8.css]
[www.saypeaceinfiftycountries.com/wp-content/themes/brown-theme/style95b8.css]
[www.saypeaceinfiftycountries.com/wp-includes/js/jquery/jquery4a5f.js]
[www.saypeaceinfiftycountries.com/wp-includes/js/jquery/jquery-migrate.min330a.js]
[www.saypeaceinfiftycountries.com/wp-content/plugins/woocommerce/assets/js/jquery-blockui/jquery.blockUI.min44fd.js]
[www.saypeaceinfiftycountries.com/wp-content/plugins/woocommerce/assets/js/frontend/add-to-cart.min3088.js]
[www.saypeaceinfiftycountries.com/wp-content/plugins/js_composer/assets/js/vendors/woocommerce-add-to-cartde54.js]
[www.saypeaceinfiftycountries.com/xmlrpc0db0.php]
[www.saypeaceinfiftycountries.com/wp-includes/wlwmanifest.xml]
[www.saypeaceinfiftycountries.com/wp-json/index.html]
[www.saypeaceinfiftycountries.com/wp-json/oembed/1.0/embed52c7.json]
[www.saypeaceinfiftycountries.com/wp-json/oembed/1.0/embedd8ab]
[www.saypeaceinfiftycountries.com/wp-content/uploads/2014/03/xv13f91.jpg]
[www.saypeaceinfiftycountries.com/wp-content/uploads/2015/07/bg-31.jpg]
[www.saypeaceinfiftycountries.com/wp-content/uploads/2017/11/Front-Cover-pdf.jpg]
[www.saypeaceinfiftycountries.com/books/index.html]
[www.saypeaceinfiftycountries.com/wp-content/uploads/2017/11/bookofpeacelogo.png]
[www.saypeaceinfiftycountries.com/wp-content/uploads/2017/12/mock-1-11new.jpg]
[www.saypeaceinfiftycountries.com/wp-content/uploads/2017/12/mock-1-21new.png]
[www.saypeaceinfiftycountries.com/wp-content/uploads/2017/12/mock-1-31new.png]
[www.saypeaceinfiftycountries.com/wp-content/uploads/2017/12/Front-Cover-pdf.jpg]
[www.saypeaceinfiftycountries.com/wp-content/uploads/2017/12/Front-Cover-1-pdf.jpg]
[www.saypeaceinfiftycountries.com/product/the-book-of-peace-e-pub/index.html]
[www.saypeaceinfiftycountries.com/product/the-book-of-peace/index.html]
[www.saypeaceinfiftycountries.com/wp-content/uploads/2017/12/BOPShirtFront.jpg]
[www.saypeaceinfiftycountries.com/wp-content/uploads/2017/12/Sean-BOP-reading-outside-by-palm.png]
[www.saypeaceinfiftycountries.com/product/the-book-of-peace-printed/index.html]
[www.saypeaceinfiftycountries.com/wp-content/uploads/2014/03/man31-bulb1.png]
[www.saypeaceinfiftycountries.com/product/the-book-of-peace-t-shirt/index.html]
[www.saypeaceinfiftycountries.com/wp-content/uploads/2014/03/man31-1-pencil11.png]
[www.saypeaceinfiftycountries.com/wp-content/plugins/js_composer/assets/lib/bower/animate-css/animate.minde54.css]
[www.saypeaceinfiftycountries.com/wp-content/plugins/contact-form-7/includes/js/scripts58e0.js]
[www.saypeaceinfiftycountries.com/wp-content/plugins/woocommerce/assets/js/js-cookie/js.cookie.min6b25.js]
[www.saypeaceinfiftycountries.com/wp-content/plugins/woocommerce/assets/js/frontend/woocommerce.min3088.js]
[www.saypeaceinfiftycountries.com/wp-content/plugins/woocommerce/assets/js/frontend/cart-fragments.min3088.js]
[www.saypeaceinfiftycountries.com/wp-includes/js/jquery/jquery.form.min50fa.js]
[www.saypeaceinfiftycountries.com/wp-content/themes/brown-theme/js/pack-min95b8.js]
[www.saypeaceinfiftycountries.com/wp-content/themes/brown-theme/js/theme95b8.js]
[www.saypeaceinfiftycountries.com/wp-includes/js/wp-embed.min35eb.js]
[www.saypeaceinfiftycountries.com/wp-content/plugins/js_composer/assets/lib/waypoints/waypoints.minde54.js]
[www.saypeaceinfiftycountries.com/index.html]
[www.saypeaceinfiftycountries.com/xmlrpc.php]
[www.saypeaceinfiftycountries.com/wp-admin/admin-ajax.html]
[www.saypeaceinfiftycountries.com/wp-includes/css/dist/block-library/style.min35eb.css]
[www.saypeaceinfiftycountries.com/wp-content/plugins/woocommerce/packages/woocommerce-blocks/build/stylea1ec.css]
[www.saypeaceinfiftycountries.com/wp-content/plugins/woocommerce/assets/css/woocommerce-layout3088.css]
[www.saypeaceinfiftycountries.com/wp-content/plugins/woocommerce/assets/css/woocommerce-smallscreen3088.css]
[www.saypeaceinfiftycountries.com/wp-content/plugins/woocommerce/assets/fonts/star.eot]
[www.saypeaceinfiftycountries.com/wp-content/plugins/woocommerce/assets/fonts/stard41d.eot]
[www.saypeaceinfiftycountries.com/wp-content/plugins/woocommerce/assets/fonts/star.woff]
[www.saypeaceinfiftycountries.com/wp-content/plugins/woocommerce/assets/fonts/star.ttf]
[www.saypeaceinfiftycountries.com/wp-content/plugins/woocommerce/assets/fonts/WooCommerce.eot]
[www.saypeaceinfiftycountries.com/wp-content/plugins/woocommerce/assets/fonts/WooCommerced41d.eot]
[www.saypeaceinfiftycountries.com/wp-content/plugins/woocommerce/assets/fonts/WooCommerce.woff]
[www.saypeaceinfiftycountries.com/wp-content/plugins/woocommerce/assets/fonts/WooCommerce.ttf]
[www.saypeaceinfiftycountries.com/wp-content/plugins/woocommerce/assets/css/woocommerce3088.css]
[www.saypeaceinfiftycountries.com/wp-content/themes/brown-theme/font/flaticon.eot]
[www.saypeaceinfiftycountries.com/wp-content/themes/brown-theme/font/flaticon.woff]
[www.saypeaceinfiftycountries.com/wp-content/themes/brown-theme/font/flaticon.ttf]
[www.saypeaceinfiftycountries.com/wp-content/themes/brown-theme/font/flaticon95b8.css]
[www.saypeaceinfiftycountries.com/wp-content/themes/brown-theme/font/nt-iconcded.eot]
[www.saypeaceinfiftycountries.com/wp-content/themes/brown-theme/font/nt-iconcded.woff]
[www.saypeaceinfiftycountries.com/wp-content/themes/brown-theme/font/nt-iconcded.ttf]
[www.saypeaceinfiftycountries.com/wp-content/themes/brown-theme/css/foundation35eb.css]
[www.saypeaceinfiftycountries.com/wp-content/themes/brown-theme/images/bottom-shadow.png]
[www.saypeaceinfiftycountries.com/wp-content/themes/brown-theme/css/screen95b8.css]
[www.saypeaceinfiftycountries.com/wp-content/themes/brown-theme/style95b8.css]
[www.saypeaceinfiftycountries.com/wp-json/oembed/1.0/embedf385.json]
[www.saypeaceinfiftycountries.com/books/feed/index.html]
[www.saypeaceinfiftycountries.com/wp-json/oembed/1.0/embed8927]
[www.saypeaceinfiftycountries.com/wp-content/uploads/2014/03/bg-211946c.jpg]
[www.saypeaceinfiftycountries.com/wp-content/plugins/real3d-flipbook/css/flipbook.style926f.css]
[www.saypeaceinfiftycountries.com/wp-content/plugins/real3d-flipbook/css/font-awesome926f.css]
[www.saypeaceinfiftycountries.com/wp-content/plugins/real3d-flipbook/js/flipbook.min926f.js]
[www.saypeaceinfiftycountries.com/wp-content/plugins/real3d-flipbook/js/flipbook.book3.min926f.js]
[www.saypeaceinfiftycountries.com/wp-content/plugins/real3d-flipbook/js/iscroll.min926f.js]
[www.saypeaceinfiftycountries.com/wp-content/plugins/real3d-flipbook/js/flipbook.webgl.min926f.js]
[www.saypeaceinfiftycountries.com/wp-content/plugins/real3d-flipbook/js/flipbook.pdfservice.min926f.js]
[www.saypeaceinfiftycountries.com/books/index.html]
[www.saypeaceinfiftycountries.com/wp-content/plugins/real3d-flipbook/js/embed926f.js]
[www.saypeaceinfiftycountries.com/wp-content/plugins/real3d-flipbook/js/pdf.min926f.js]
[www.saypeaceinfiftycountries.com/wp-json/oembed/1.0/embed4c79.json]
[www.saypeaceinfiftycountries.com/product/the-book-of-peace-e-pub/feed/index.html]
[www.saypeaceinfiftycountries.com/wp-content/plugins/real3d-flipbook/js/three.min926f.js]
[www.saypeaceinfiftycountries.com/wp-json/oembed/1.0/embed2672]
[www.saypeaceinfiftycountries.com/product-category/uncategorized/index.html]
[www.saypeaceinfiftycountries.com/wp-content/plugins/woocommerce/assets/js/frontend/single-product.min3088.js]
[www.saypeaceinfiftycountries.com/wp-includes/js/comment-reply.min35eb.js]
[www.saypeaceinfiftycountries.com/product/the-book-of-peace-e-pub/index.html]
[www.saypeaceinfiftycountries.com/index128f.html]
[www.saypeaceinfiftycountries.com/about-us/index.html]
[www.saypeaceinfiftycountries.com/blog/index.html]
[www.saypeaceinfiftycountries.com/all-elements/index.html]
[www.saypeaceinfiftycountries.com/books-listing/index.html]
[www.saypeaceinfiftycountries.com/books/shop/index.html]
[www.saypeaceinfiftycountries.com/buy-the-book-of-peace/index.html]
[www.saypeaceinfiftycountries.com/wp-json/oembed/1.0/embed680a.json]
[www.saypeaceinfiftycountries.com/cart/index.html]
[www.saypeaceinfiftycountries.com/chapters-2/index.html]
[www.saypeaceinfiftycountries.com/checkout/index.html]
[www.saypeaceinfiftycountries.com/wp-json/oembed/1.0/embede65a]
[www.saypeaceinfiftycountries.com/product/the-book-of-peace/index.html]
[www.saypeaceinfiftycountries.com/faqs/index.html]
[www.saypeaceinfiftycountries.com/full-width/index.html]
[www.saypeaceinfiftycountries.com/home-multi-page-2/index.html]
[www.saypeaceinfiftycountries.com/my-account/index.html]
[www.saypeaceinfiftycountries.com/test/index.html]
[www.saypeaceinfiftycountries.com/indexc104.html]
[www.saypeaceinfiftycountries.com/sidebar-right/index.html]
[www.saypeaceinfiftycountries.com/author/index.html]
[www.saypeaceinfiftycountries.com/sidebar-left/index.html]
[www.saypeaceinfiftycountries.com/wp-json/oembed/1.0/embed5a1c.json]
[www.saypeaceinfiftycountries.com/2014/08/index.html]
[www.saypeaceinfiftycountries.com/2014/07/index.html]
[www.saypeaceinfiftycountries.com/contact/index.html]
[www.saypeaceinfiftycountries.com/wp-json/oembed/1.0/embedaca5]
[www.saypeaceinfiftycountries.com/product/the-book-of-peace-printed/index.html]
[www.saypeaceinfiftycountries.com/product/the-book-of-peace/feed/index.html]
[www.saypeaceinfiftycountries.com/category/uncategorized/index.html]
[www.saypeaceinfiftycountries.com/indexba3f.html]
[www.saypeaceinfiftycountries.com/product/the-book-of-peace-printed/feed/index.html]
[www.saypeaceinfiftycountries.com/wp-json/oembed/1.0/embed2dc4.json]
[www.saypeaceinfiftycountries.com/wp-json/oembed/1.0/embedc0a9]
[www.saypeaceinfiftycountries.com/product/the-book-of-peace-t-shirt/feed/index.html]
[www.saypeaceinfiftycountries.com/wp-content/uploads/2017/12/BOPShirtBack.jpg]
[www.saypeaceinfiftycountries.com/wp-content/uploads/2017/12/BOPShirtBack-150x150.jpg]
[www.saypeaceinfiftycountries.com/product/the-book-of-peace-t-shirt/index.html]
[www.saypeaceinfiftycountries.com/index014b.html]
[www.saypeaceinfiftycountries.com/wp-content/plugins/js_composer/assets/lib/bower/animate-css/animate.minde54.css]
[www.saypeaceinfiftycountries.com/wp-content/plugins/woocommerce/assets/fonts/star.svg]
[www.saypeaceinfiftycountries.com/wp-content/plugins/woocommerce/assets/fonts/WooCommerce.svg]
[www.saypeaceinfiftycountries.com/wp-content/plugins/woocommerce/assets/images/icons/loader.svg]
[www.saypeaceinfiftycountries.com/wp-content/plugins/woocommerce/assets/images/icons/credit-cards/visa.svg]
[www.saypeaceinfiftycountries.com/wp-content/plugins/woocommerce/assets/images/icons/credit-cards/mastercard.svg]
[www.saypeaceinfiftycountries.com/wp-content/plugins/woocommerce/assets/images/icons/credit-cards/laser.svg]
[www.saypeaceinfiftycountries.com/wp-content/plugins/woocommerce/assets/images/icons/credit-cards/diners.svg]
[www.saypeaceinfiftycountries.com/wp-content/plugins/woocommerce/assets/images/icons/credit-cards/maestro.svg]
[www.saypeaceinfiftycountries.com/wp-content/plugins/woocommerce/assets/images/icons/credit-cards/jcb.svg]
[www.saypeaceinfiftycountries.com/wp-content/plugins/woocommerce/assets/images/icons/credit-cards/amex.svg]
[www.saypeaceinfiftycountries.com/wp-content/plugins/woocommerce/assets/images/icons/credit-cards/discover.svg]
[www.saypeaceinfiftycountries.com/wp-content/themes/brown-theme/font/flaticon.svg]
[www.saypeaceinfiftycountries.com/wp-content/themes/brown-theme/css/owl.video.play.html]
[www.saypeaceinfiftycountries.com/wp-content/themes/brown-theme/image/loader.html]
[www.saypeaceinfiftycountries.com/wp-content/themes/brown-theme/image/icons.html]
[www.saypeaceinfiftycountries.com/wp-content/themes/brown-theme/font/nt-iconcded.svg]
[www.saypeaceinfiftycountries.com/index2ac4.html]
[www.saypeaceinfiftycountries.com/books/index128f.html]
[www.saypeaceinfiftycountries.com/books/indexc104.html]
[www.saypeaceinfiftycountries.com/books/indexba3f.html]
[www.saypeaceinfiftycountries.com/books/index014b.html]
[www.saypeaceinfiftycountries.com/wp-content/plugins/real3d-flipbook/images/overlay_lightbox.png]
[www.saypeaceinfiftycountries.com/wp-content/plugins/real3d-flipbook/css/flipbook.style926f.css]
[www.saypeaceinfiftycountries.com/wp-content/plugins/real3d-flipbook/fonts/fontawesome-webfonte0a5.eot]
[www.saypeaceinfiftycountries.com/wp-content/plugins/real3d-flipbook/fonts/fontawesome-webfontd41d.eot]
[www.saypeaceinfiftycountries.com/wp-content/plugins/real3d-flipbook/fonts/fontawesome-webfonte0a5.woff2]
[www.saypeaceinfiftycountries.com/wp-content/plugins/real3d-flipbook/fonts/fontawesome-webfonte0a5.woff]
[www.saypeaceinfiftycountries.com/wp-content/plugins/real3d-flipbook/fonts/fontawesome-webfonte0a5.ttf]
[www.saypeaceinfiftycountries.com/wp-content/plugins/real3d-flipbook/css/font-awesome926f.css]
[www.saypeaceinfiftycountries.com/index67c0.html]
[www.saypeaceinfiftycountries.com/product-category/uncategorized/index.html]
[www.saypeaceinfiftycountries.com/product/the-book-of-peace-e-pub/indexba3f.html]
[www.saypeaceinfiftycountries.com/product/the-book-of-peace-e-pub/index014b.html]
[www.saypeaceinfiftycountries.com/product-category/uncategorized/feed/index.html]
[www.saypeaceinfiftycountries.com/product/the-book-of-peace-e-pub/indexc104.html]
[www.saypeaceinfiftycountries.com/wp-json/oembed/1.0/embed9689.json]
[www.saypeaceinfiftycountries.com/about-us/feed/index.html]
[www.saypeaceinfiftycountries.com/wp-json/oembed/1.0/embeddea8]
[www.saypeaceinfiftycountries.com/wp-content/uploads/2014/07/title-bg1.jpg]
[www.saypeaceinfiftycountries.com/wp-content/uploads/2015/07/tablet.jpg]
[www.saypeaceinfiftycountries.com/wp-content/uploads/2015/07/coffee.jpg]
[www.saypeaceinfiftycountries.com/wp-content/uploads/2014/03/amazon1.png]
[www.saypeaceinfiftycountries.com/wp-content/uploads/2014/03/woocommerce1.png]
[www.saypeaceinfiftycountries.com/wp-content/uploads/2014/03/wordpress1.png]
[www.saypeaceinfiftycountries.com/wp-content/uploads/2014/03/microlancer1.png]
[www.saypeaceinfiftycountries.com/wp-content/uploads/2014/03/jquery1.png]
[www.saypeaceinfiftycountries.com/wp-content/uploads/2014/03/envato1.png]
[www.saypeaceinfiftycountries.com/about-us/index.html]
[www.saypeaceinfiftycountries.com/wp-json/oembed/1.0/embed27a8.json]
[www.saypeaceinfiftycountries.com/all-elements/index.html]
[www.saypeaceinfiftycountries.com/wp-json/oembed/1.0/embed11f4]
[www.saypeaceinfiftycountries.com/wp-content/uploads/2014/05/support1.jpg]
[www.saypeaceinfiftycountries.com/all-elements/feed/index.html]
[www.saypeaceinfiftycountries.com/uncategorized/hello-world/index.html]
[www.saypeaceinfiftycountries.com/author/admin/index.html]
[www.saypeaceinfiftycountries.com/wp-content/uploads/2014/06/image-11.jpg]
[www.saypeaceinfiftycountries.com/blog/index.html]
[www.saypeaceinfiftycountries.com/books/shop/index.html]
[www.saypeaceinfiftycountries.com/uncategorized/sample-post/index.html]
[www.saypeaceinfiftycountries.com/books/shop/feed/index.html]
[www.saypeaceinfiftycountries.com/uncategorized/another-sample-post/index.html]
[www.saypeaceinfiftycountries.com/wp-json/oembed/1.0/embed07ba.json]
[www.saypeaceinfiftycountries.com/books-listing/feed/index.html]
[www.saypeaceinfiftycountries.com/wp-json/oembed/1.0/embed0f1c]
[www.saypeaceinfiftycountries.com/wp-content/uploads/2015/07/cover-4-500x708.jpg]
[www.saypeaceinfiftycountries.com/wp-content/uploads/2015/07/cover-3-500x708.jpg]
[www.saypeaceinfiftycountries.com/wp-content/uploads/2015/07/cover-6-500x708.jpg]
[www.saypeaceinfiftycountries.com/book/the-book-of-peace/index.html]
[www.saypeaceinfiftycountries.com/book/book-4/index.html]
[www.saypeaceinfiftycountries.com/book/book-3/index.html]
[www.saypeaceinfiftycountries.com/book/book-2/index.html]
[www.saypeaceinfiftycountries.com/wp-content/uploads/2015/07/cover-11-500x708.jpg]
[www.saypeaceinfiftycountries.com/books-listing/index.html]
[www.saypeaceinfiftycountries.com/book/test/index.html]
[www.saypeaceinfiftycountries.com/wp-json/oembed/1.0/embed0630.json]
[www.saypeaceinfiftycountries.com/buy-the-book-of-peace/index.html]
[www.saypeaceinfiftycountries.com/wp-json/oembed/1.0/embedf5ed]
[www.saypeaceinfiftycountries.com/wp-content/plugins/woocommerce/assets/css/select23088.css]
[www.saypeaceinfiftycountries.com/wp-includes/js/zxcvbn-async.min5152.js]
[www.saypeaceinfiftycountries.com/wp-json/oembed/1.0/embeddbc9.json]
[www.saypeaceinfiftycountries.com/wp-json/oembed/1.0/embed03f4]
[www.saypeaceinfiftycountries.com/wp-content/plugins/woocommerce/assets/js/frontend/country-select.min3088.js]
[www.saypeaceinfiftycountries.com/wp-content/plugins/woocommerce/assets/js/frontend/address-i18n.min3088.js]
[www.saypeaceinfiftycountries.com/wp-content/plugins/woocommerce/assets/js/frontend/cart.min3088.js]
[www.saypeaceinfiftycountries.com/wp-content/plugins/woocommerce/assets/js/selectWoo/selectWoo.full.min0ba6.js]
[www.saypeaceinfiftycountries.com/wp-admin/js/password-strength-meter.min35eb.js]
[www.saypeaceinfiftycountries.com/wp-content/plugins/woocommerce/assets/js/frontend/password-strength-meter.min3088.js]
[www.saypeaceinfiftycountries.com/cart/index.html]
[www.saypeaceinfiftycountries.com/wp-json/oembed/1.0/embedda59.json]
[www.saypeaceinfiftycountries.com/wp-json/oembed/1.0/embed3f8b]
[www.saypeaceinfiftycountries.com/wp-content/uploads/2014/03/mock-2-11.jpg]
[www.saypeaceinfiftycountries.com/wp-content/uploads/2014/03/mock-2-21.png]
[www.saypeaceinfiftycountries.com/chapters-2/feed/index.html]
[www.saypeaceinfiftycountries.com/wp-content/uploads/2014/03/mock-2-41.png]
[www.saypeaceinfiftycountries.com/wp-content/uploads/2014/03/mock-2-31.png]
[www.saypeaceinfiftycountries.com/wp-content/uploads/2014/07/ipad1.png]
[www.saypeaceinfiftycountries.com/wp-content/uploads/2014/07/ipad-21.png]
[www.saypeaceinfiftycountries.com/wp-content/uploads/2014/07/ipad-31.png]
[www.saypeaceinfiftycountries.com/chapters-2/index.html]
[www.saypeaceinfiftycountries.com/wp-json/oembed/1.0/embed0a2f.json]
[www.saypeaceinfiftycountries.com/wp-json/oembed/1.0/embed4737]
[www.saypeaceinfiftycountries.com/checkout/index.html]
[www.saypeaceinfiftycountries.com/wp-content/plugins/woocommerce/assets/js/frontend/checkout.min3088.js]
[www.saypeaceinfiftycountries.com/wp-json/oembed/1.0/embed8cbf.json]
[www.saypeaceinfiftycountries.com/my-account/lost-password/index.html]
[www.saypeaceinfiftycountries.com/faqs/feed/index.html]
[www.saypeaceinfiftycountries.com/faqs/index.html]
[www.saypeaceinfiftycountries.com/wp-json/oembed/1.0/embed014d]
[www.saypeaceinfiftycountries.com/wp-json/oembed/1.0/embed374d.json]
[www.saypeaceinfiftycountries.com/full-width/feed/index.html]
[www.saypeaceinfiftycountries.com/full-width/index.html]
[www.saypeaceinfiftycountries.com/wp-json/oembed/1.0/embedf3ea]
[www.saypeaceinfiftycountries.com/wp-json/oembed/1.0/embed0c16.json]
[www.saypeaceinfiftycountries.com/home-multi-page-2/feed/index.html]
[www.saypeaceinfiftycountries.com/wp-json/oembed/1.0/embed5ed3]
[www.saypeaceinfiftycountries.com/wp-content/uploads/2014/07/bg-1.jpg]
[www.saypeaceinfiftycountries.com/home-multi-page-2/index.html]
[www.saypeaceinfiftycountries.com/wp-json/oembed/1.0/embed2b47.json]
[www.saypeaceinfiftycountries.com/my-account/index.html]
[www.saypeaceinfiftycountries.com/wp-json/oembed/1.0/embed622e]
[www.saypeaceinfiftycountries.com/wp-json/oembed/1.0/embed7e42.json]
[www.saypeaceinfiftycountries.com/sidebar-left/feed/index.html]
[www.saypeaceinfiftycountries.com/sidebar-left/index.html]
[www.saypeaceinfiftycountries.com/wp-json/oembed/1.0/embedad29]
[www.saypeaceinfiftycountries.com/wp-json/oembed/1.0/embed8afe.json]
[www.saypeaceinfiftycountries.com/sidebar-right/feed/index.html]
[www.saypeaceinfiftycountries.com/wp-json/oembed/1.0/embed70e4]
[www.saypeaceinfiftycountries.com/sidebar-right/index.html]
[www.saypeaceinfiftycountries.com/wp-json/oembed/1.0/embed05ae.json]
[www.saypeaceinfiftycountries.com/test/index.html]
[www.saypeaceinfiftycountries.com/wp-json/oembed/1.0/embed2fb4]
[www.saypeaceinfiftycountries.com/wp-json/oembed/1.0/embed4309.json]
[www.saypeaceinfiftycountries.com/wp-json/oembed/1.0/embed3cb0]
[www.saypeaceinfiftycountries.com/author/index.html]
[www.saypeaceinfiftycountries.com/wp-content/uploads/2014/03/man31-11.jpg]
[www.saypeaceinfiftycountries.com/wp-json/oembed/1.0/embed4fb8.json]
[www.saypeaceinfiftycountries.com/contact/feed/index.html]
[www.saypeaceinfiftycountries.com/contact/index.html]
[www.saypeaceinfiftycountries.com/2014/08/index.html]
[www.saypeaceinfiftycountries.com/2014/07/index.html]
[www.saypeaceinfiftycountries.com/category/uncategorized/index.html]
[www.saypeaceinfiftycountries.com/index2e47.html]
[www.saypeaceinfiftycountries.com/product/the-book-of-peace/index014b.html]
[www.saypeaceinfiftycountries.com/product/the-book-of-peace/index128f.html]
[www.saypeaceinfiftycountries.com/product/the-book-of-peace/indexba3f.html]
[www.saypeaceinfiftycountries.com/index6934.html]
[www.saypeaceinfiftycountries.com/product/the-book-of-peace-printed/index014b.html]
[www.saypeaceinfiftycountries.com/product/the-book-of-peace-printed/index128f.html]
[www.saypeaceinfiftycountries.com/product/the-book-of-peace-printed/indexc104.html]
[www.saypeaceinfiftycountries.com/index8698.html]
[www.saypeaceinfiftycountries.com/product/the-book-of-peace-t-shirt/indexc104.html]
[www.saypeaceinfiftycountries.com/product/the-book-of-peace-t-shirt/index128f.html]
[www.saypeaceinfiftycountries.com/product/the-book-of-peace-t-shirt/indexba3f.html]
[www.saypeaceinfiftycountries.com/wp-content/plugins/real3d-flipbook/grid.html]
[www.saypeaceinfiftycountries.com/wp-content/plugins/real3d-flipbook/fonts/fontawesome-webfonte0a5.svg]
[www.saypeaceinfiftycountries.com/product-category/uncategorized/index128f.html]
[www.saypeaceinfiftycountries.com/product-category/uncategorized/indexc104.html]
[www.saypeaceinfiftycountries.com/product-category/uncategorized/indexba3f.html]
[www.saypeaceinfiftycountries.com/product-category/uncategorized/index014b.html]
[www.saypeaceinfiftycountries.com/indexc7d1.html]
[www.saypeaceinfiftycountries.com/index1422.html]
[www.saypeaceinfiftycountries.com/wp-json/oembed/1.0/embed5c36]
[www.saypeaceinfiftycountries.com/category/uncategorized/feed/index.html]
[www.saypeaceinfiftycountries.com/wp-json/oembed/1.0/embed341d.json]
[www.saypeaceinfiftycountries.com/uncategorized/hello-world/feed/index.html]
[www.saypeaceinfiftycountries.com/wp-json/oembed/1.0/embed68b6]
[www.saypeaceinfiftycountries.com/uncategorized/hello-world/index.html]
[www.saypeaceinfiftycountries.com/author/admin/index.html]
[www.saypeaceinfiftycountries.com/wp-json/oembed/1.0/embedc576.json]
[www.saypeaceinfiftycountries.com/author/admin/feed/index.html]
[www.saypeaceinfiftycountries.com/uncategorized/another-sample-post/feed/index.html]
[www.saypeaceinfiftycountries.com/wp-json/oembed/1.0/embed8145]
[www.saypeaceinfiftycountries.com/uncategorized/another-sample-post/index.html]
[www.saypeaceinfiftycountries.com/wp-json/oembed/1.0/embedcd7e.json]
[www.saypeaceinfiftycountries.com/uncategorized/sample-post/feed/index.html]
[www.saypeaceinfiftycountries.com/uncategorized/sample-post/index.html]
[www.saypeaceinfiftycountries.com/books/shop/indexc104.html]
[www.saypeaceinfiftycountries.com/books/shop/index128f.html]
[www.saypeaceinfiftycountries.com/books/shop/indexba3f.html]
[www.saypeaceinfiftycountries.com/books/shop/index014b.html]
[www.saypeaceinfiftycountries.com/indexcdeb.html]
[www.saypeaceinfiftycountries.com/wp-json/oembed/1.0/embed6de4]
[www.saypeaceinfiftycountries.com/wp-json/oembed/1.0/embedb2cf.json]
[www.saypeaceinfiftycountries.com/wp-json/oembed/1.0/embed6373]
[www.saypeaceinfiftycountries.com/book/the-book-of-peace/index.html]
[www.saypeaceinfiftycountries.com/wp-json/oembed/1.0/embed4837.json]
[www.saypeaceinfiftycountries.com/wp-json/oembed/1.0/embed40b7]
[www.saypeaceinfiftycountries.com/book/book-4/index.html]
[www.saypeaceinfiftycountries.com/wp-json/oembed/1.0/embed0db3.json]
[www.saypeaceinfiftycountries.com/book/book-3/index.html]
[www.saypeaceinfiftycountries.com/wp-json/oembed/1.0/embede50d]
[www.saypeaceinfiftycountries.com/wp-json/oembed/1.0/embed2861.json]
[www.saypeaceinfiftycountries.com/wp-json/oembed/1.0/embed156b]
[www.saypeaceinfiftycountries.com/book/book-2/index.html]
[www.saypeaceinfiftycountries.com/wp-json/oembed/1.0/embed75c4.json]
[www.saypeaceinfiftycountries.com/wp-json/oembed/1.0/embed1af3]
[www.saypeaceinfiftycountries.com/book/test/index.html]
[www.saypeaceinfiftycountries.com/indexfe0d.html]
[www.saypeaceinfiftycountries.com/buy-the-book-of-peace/indexc104.html]
[www.saypeaceinfiftycountries.com/wp-content/plugins/woocommerce/assets/css/select23088.css]
[www.saypeaceinfiftycountries.com/index361a.html]
[www.saypeaceinfiftycountries.com/cart/index9889.html]
[www.saypeaceinfiftycountries.com/cart/index9d6f.html]
[www.saypeaceinfiftycountries.com/cart/indexb950.html]
[www.saypeaceinfiftycountries.com/cart/index578a.html]
[www.saypeaceinfiftycountries.com/indexde16.html]
[www.saypeaceinfiftycountries.com/indexc91a.html]
[www.saypeaceinfiftycountries.com/cart/indexaafe.html]
[www.saypeaceinfiftycountries.com/wp-content/plugins/woocommerce/assets/js/frontend/lost-password.min3088.js]
[www.saypeaceinfiftycountries.com/my-account/lost-password/index.html]
[www.saypeaceinfiftycountries.com/indexdf82.html]
[www.saypeaceinfiftycountries.com/indexa808.html]
[www.saypeaceinfiftycountries.com/index73a5.html]
[www.saypeaceinfiftycountries.com/index1c54.html]
[www.saypeaceinfiftycountries.com/index13cc.html]
[www.saypeaceinfiftycountries.com/index1c24.html]
[www.saypeaceinfiftycountries.com/indexe137.html]
[www.saypeaceinfiftycountries.com/author/feed/index.html]
[www.saypeaceinfiftycountries.com/index2531.html]
[www.saypeaceinfiftycountries.com/indexb45d.html]
[www.saypeaceinfiftycountries.com/indexcff1.html]
[www.saypeaceinfiftycountries.com/index477d.html]
[www.saypeaceinfiftycountries.com/index40a0.html]
[www.saypeaceinfiftycountries.com/index18bf.html]
[www.saypeaceinfiftycountries.com/index76ee.html]
[www.saypeaceinfiftycountries.com/indexefbe.html]
[www.saypeaceinfiftycountries.com/index004f.html]
[www.saypeaceinfiftycountries.com/index9af6.html]
[www.saypeaceinfiftycountries.com/wp-json/oembed/1.0/embedb997.json]
[www.saypeaceinfiftycountries.com/wp-json/oembed/1.0/embed81da]
[www.saypeaceinfiftycountries.com/cart/indexaafe.html]
[www.saypeaceinfiftycountries.com/cart/index59ed.html]
[www.saypeaceinfiftycountries.com/cart/indexb018.html]
[www.saypeaceinfiftycountries.com/cart/index1812.html]
